// Jest Snapshot v1, https://goo.gl/fbAQLP

exports[`when merging two objects and a source property has a $compile indicator it should compile the $compile property and then compile/merge the result with the target 1`] = `
"{
	\\"a\\": \\"replaced\\"
}"
`;

exports[`when merging two objects and a source property has a $compile indicator it should use the $compile property result as $sourceRoot when compiling/merging with the target 1`] = `
"{
	\\"a\\": \\"bValue\\",
	\\"b\\": \\"bValue\\"
}"
`;
