// Jest Snapshot v1, https://goo.gl/fbAQLP

exports[`when merging two objects and a source property has a $id indicator it should not merge the $id property 1`] = `
"{
	\\"a\\": {
		\\"aa\\": \\"original\\"
	}
}"
`;
