// Jest Snapshot v1, https://goo.gl/fbAQLP

exports[`when compiling an object containing an $import identifier it should resolve to a property in the compiled file if also a json pointer is given 1`] = `
"{
	\\"a\\": \\"compiled\\"
}"
`;

exports[`when compiling an object containing an $import identifier it should resolve to the compiled file 1`] = `
"{
	\\"a\\": \\"compiled\\"
}"
`;

exports[`when compiling an object containing an $import identifier it should resolve to the file defined in the $import property 1`] = `
"{
	\\"a\\": {
		\\"b\\": 100
	}
}"
`;

exports[`when compiling an object containing an $import identifier it should resolve to undefined if the file does exist but the pointer does not and options.throwOnInvalidRef is false 1`] = `"{}"`;

exports[`when compiling an object containing an $import identifier it should resolve to undefined if the file does not exist and options.throwOnInvalidRef is false 1`] = `"{}"`;
