// Jest Snapshot v1, https://goo.gl/fbAQLP

exports[`when merging two arrays and a source property has a $value indicator it should use the $value property as value instead of the property itself 1`] = `
"{
	\\"a\\": [
		\\"value\\"
	]
}"
`;

exports[`when merging two objects and a source property has a $value indicator and a $ref indicator it should use the $ref property as value instead of the $value property 1`] = `
"{
	\\"a\\": \\"refValue\\",
	\\"b\\": \\"refValue\\"
}"
`;

exports[`when merging two objects and a source property has a $value indicator it should also process the $value property instead of just using the $value property value 1`] = `
"{
	\\"a\\": \\"value\\"
}"
`;

exports[`when merging two objects and a source property has a $value indicator it should use the $value property as value instead of the property itself 1`] = `
"{
	\\"a\\": \\"value\\"
}"
`;

exports[`when merging two objects and a source property has a $value indicator it should use the $value property as value instead of the property itself and merge if it are two objects 1`] = `
"{
	\\"a\\": {
		\\"aa\\": \\"original\\",
		\\"bb\\": \\"value\\"
	}
}"
`;
