// Jest Snapshot v1, https://goo.gl/fbAQLP

exports[`.mergeFile() should be able to load an absolute path 1`] = `
Object {
  "a": 10,
}
`;

exports[`.mergeFile() should process YAML files 1`] = `
"{
	\\"a\\": {
		\\"aa\\": \\"replaced\\"
	}
}"
`;

exports[`.mergeFile() should process a file if it exists and return the processed object if config.stringify is false 1`] = `
Object {
  "a": 10,
}
`;

exports[`.mergeFile() should return a pretty JSON string if config.stringify is 'pretty' 1`] = `
"{
	\\"a\\": 10
}"
`;
