// Jest Snapshot v1, https://goo.gl/fbAQLP

exports[`Merger() .addFile() should add a file so sources can reference it 1`] = `
"{
	\\"a\\": 30
}"
`;

exports[`Merger() .addFile() should also work with URLs 1`] = `
"{
	\\"a\\": 30
}"
`;
