// Jest Snapshot v1, https://goo.gl/fbAQLP

exports[`.mergeFiles() should merge the files in order 1`] = `
Object {
  "a": 30,
}
`;

exports[`.mergeFiles() should process the files if they exist and return the processed object if config.stringify is false 1`] = `
Object {
  "a": 10,
  "b": 20,
}
`;

exports[`.mergeFiles() should return a pretty JSON string if config.stringify is 'pretty' 1`] = `
"{
	\\"a\\": 10
}"
`;
